---
blessing:
reason: "Each object key:value pair is put into a singleton entry map"
source: genson-cli/tests/map_encoding.rs
expression: parsed_output
info:
  args:
    - "--normalise"
    - "--ndjson"
    - "--map-threshold"
    - "0"
    - "--map-encoding"
    - entries
  input:
    id: A
    labels:
      en: Hello
      fr: Bonjour
---
[
  {
    "id": "A",
    "labels": [
      {
        "en": "Hello"
      },
      {
        "fr": "Bonjour"
      }
    ]
  }
]
