---
blessing:
reason: "Map of records (language and value fields) wrapped under labels root"
source: genson-cli/tests/map_of_records.rs
expression: stdout_str
info:
  args:
    - "--avro"
    - "--ndjson"
    - "--map-threshold"
    - "3"
    - "--map-encoding"
    - kv
    - "--wrap-root"
    - labels
  input:
    - en:
        language: en
        value: Jack Bauer
      fr:
        language: fr
        value: Jack Bauer
    - en:
        language: en
        value: happiness
      fr:
        language: fr
        value: bonheur
      rn:
        language: rn
        value: Umunezero
---
{
  "type": "record",
  "name": "document",
  "namespace": "genson",
  "fields": [
    {
      "name": "labels",
      "type": {
        "name": "labels",
        "type": "map",
        "values": {
          "type": "record",
          "name": "labels_values",
          "namespace": "genson.document_types",
          "fields": [
            {
              "name": "language",
              "type": "string"
            },
            {
              "name": "value",
              "type": "string"
            }
          ]
        }
      }
    }
  ]
}
