---
blessing:
reason: "Document-level record with one map of records field letter, with a single record type letter_values with all the fields of the union of records"
source: genson-cli/tests/map_of_unified_records.rs
expression: stdout_str
info:
  args:
    - "--ndjson"
    - "--map-threshold"
    - "2"
    - "--map-max-rk"
    - "1"
    - "--unify-maps"
    - "--avro"
  input:
    - letter:
        a:
          alphabet: 0
          vowel: 0
          frequency: 0.0817
    - letter:
        b:
          alphabet: 1
          consonant: 0
          frequency: 0.015
    - letter:
        c:
          alphabet: 2
          consonant: 1
          frequency: 0.0278
    - letter:
        d:
          alphabet: 3
          consonant: 2
          frequency: 0.0425
    - letter:
        e:
          alphabet: 4
          vowel: 4
          frequency: 0.127
---
{
  "type": "record",
  "name": "document",
  "namespace": "genson",
  "fields": [
    {
      "name": "letter",
      "type": {
        "name": "letter",
        "type": "map",
        "values": {
          "type": "record",
          "name": "letter_values",
          "namespace": "genson.document_types",
          "fields": [
            {
              "name": "alphabet",
              "type": "int"
            },
            {
              "name": "frequency",
              "type": "float"
            },
            {
              "name": "vowel",
              "type": [
                "null",
                "int"
              ]
            },
            {
              "name": "consonant",
              "type": [
                "null",
                "int"
              ]
            }
          ]
        }
      }
    }
  ]
}
