---
blessing:
reason: "Map of records in Avro, wrapped under labels root record field"
source: genson-cli/tests/wrapping.rs
expression: value
info:
  args:
    - "--avro"
    - "--ndjson"
    - "--map-threshold"
    - "3"
    - "--wrap-root"
    - labels
  input:
    - en:
        language: en
        value: Hello
      fr:
        language: fr
        value: Bonjour
    - en:
        language: en
        value: Hi
      fr:
        language: fr
        value: Salut
      rn:
        language: rn
        value: Umunezero
---
{
  "type": "record",
  "name": "document",
  "namespace": "genson",
  "fields": [
    {
      "name": "labels",
      "type": {
        "name": "labels",
        "type": "map",
        "values": {
          "type": "record",
          "name": "labels_values",
          "namespace": "genson.document_types",
          "fields": [
            {
              "name": "language",
              "type": "string"
            },
            {
              "name": "value",
              "type": "string"
            }
          ]
        }
      }
    }
  ]
}
