---
source: genson-cli/tests/claims_fixtures.rs
expression: stdout_str
info:
  approved: false
  args:
    - "--map-threshold"
    - "0"
    - "--unify-maps"
    - "--wrap-root"
    - claims
    - "--force-type"
    - "mainsnak:record"
    - "--no-unify"
    - qualifiers
  fixture: tests/data/claims/x1818_L14_PENULTIMATE.json
---
{
  "$schema": "http://json-schema.org/schema#",
  "properties": {
    "claims": {
      "type": "object",
      "additionalProperties": {
        "type": "array",
        "items": {
          "type": "object",
          "properties": {
            "mainsnak": {
              "type": "object",
              "properties": {
                "property": {
                  "type": "string"
                },
                "datavalue": {
                  "type": "object",
                  "properties": {
                    "id": {
                      "type": [
                        "null",
                        "string"
                      ]
                    },
                    "labels": {
                      "type": "object",
                      "additionalProperties": {
                        "type": "string"
                      }
                    },
                    "datavalue__string": {
                      "type": [
                        "null",
                        "string"
                      ]
                    }
                  },
                  "required": [
                    "id",
                    "labels"
                  ]
                },
                "datatype": {
                  "type": "string"
                },
                "property-labels": {
                  "type": "object",
                  "additionalProperties": {
                    "type": "string"
                  }
                }
              },
              "required": [
                "property",
                "datavalue",
                "datatype",
                "property-labels"
              ]
            },
            "rank": {
              "type": "string"
            },
            "qualifiers": {
              "type": "object",
              "additionalProperties": {
                "type": "array",
                "items": {
                  "type": "object",
                  "properties": {
                    "property": {
                      "type": "string"
                    },
                    "datavalue": {
                      "type": "object",
                      "properties": {
                        "datavalue__string": {
                          "type": [
                            "null",
                            "string"
                          ]
                        },
                        "id": {
                          "type": [
                            "null",
                            "string"
                          ]
                        },
                        "labels": {
                          "type": "object",
                          "additionalProperties": {
                            "type": "string"
                          }
                        }
                      },
                      "required": [
                        "datavalue__string"
                      ]
                    },
                    "datatype": {
                      "type": "string"
                    },
                    "property-labels": {
                      "type": "object",
                      "additionalProperties": {
                        "type": "string"
                      }
                    }
                  },
                  "required": [
                    "property",
                    "datavalue",
                    "datatype",
                    "property-labels"
                  ]
                }
              }
            },
            "references": {
              "type": [
                "null",
                "array"
              ],
              "items": {
                "type": "object",
                "additionalProperties": {
                  "type": "array",
                  "items": {
                    "type": "object",
                    "properties": {
                      "property": {
                        "type": "string"
                      },
                      "datavalue": {
                        "type": "object",
                        "properties": {
                          "time": {
                            "type": [
                              "null",
                              "string"
                            ]
                          },
                          "timezone": {
                            "type": [
                              "null",
                              "integer"
                            ]
                          },
                          "before": {
                            "type": [
                              "null",
                              "integer"
                            ]
                          },
                          "after": {
                            "type": [
                              "null",
                              "integer"
                            ]
                          },
                          "precision": {
                            "type": [
                              "null",
                              "integer"
                            ]
                          },
                          "calendarmodel": {
                            "type": [
                              "null",
                              "string"
                            ]
                          },
                          "id": {
                            "type": [
                              "null",
                              "string"
                            ]
                          },
                          "labels": {
                            "type": "object",
                            "additionalProperties": {
                              "type": "string"
                            }
                          },
                          "datavalue__string": {
                            "type": [
                              "null",
                              "string"
                            ]
                          }
                        },
                        "required": [
                          "time",
                          "timezone",
                          "before",
                          "after",
                          "precision",
                          "calendarmodel"
                        ]
                      },
                      "datatype": {
                        "type": "string"
                      },
                      "property-labels": {
                        "type": "object",
                        "additionalProperties": {
                          "type": "string"
                        }
                      }
                    },
                    "required": [
                      "property",
                      "datavalue",
                      "datatype",
                      "property-labels"
                    ]
                  }
                }
              }
            }
          },
          "required": [
            "mainsnak",
            "rank"
          ]
        }
      }
    }
  },
  "required": [
    "claims"
  ],
  "type": "object"
}
