---
source: genson-cli/tests/claims_fixtures.rs
expression: stdout_str
info:
  approved: false
  args:
    - "--map-threshold"
    - "0"
    - "--unify-maps"
    - "--wrap-root"
    - claims
    - "--normalise"
  fixture: tests/data/claims/x1818_L26_MINIMAL.json
---
[
  {
    "claims": {
      "P1333": [
        {
          "mainsnak": {
            "datavalue": {
              "precision": {
                "precision__number": 0.00027777777777778,
                "precision__integer": null
              },
              "id": null,
              "labels": null,
              "datavalue__string": null,
              "latitude": -33.75,
              "longitude": -53.390277777778,
              "altitude": null,
              "globe": "http://www.wikidata.org/entity/Q2",
              "time": null,
              "timezone": null,
              "before": null,
              "after": null,
              "calendarmodel": null
            }
          },
          "references": null,
          "qualifiers": null
        }
      ],
      "P3221": [
        {
          "mainsnak": {
            "datavalue": {
              "precision": {
                "precision__number": null,
                "precision__integer": null
              },
              "id": null,
              "labels": null,
              "datavalue__string": "destination/brazil",
              "latitude": null,
              "longitude": null,
              "altitude": null,
              "globe": null,
              "time": null,
              "timezone": null,
              "before": null,
              "after": null,
              "calendarmodel": null
            }
          },
          "references": null,
          "qualifiers": null
        }
      ],
      "P1792": [
        {
          "mainsnak": {
            "datavalue": {
              "precision": {
                "precision__number": null,
                "precision__integer": null
              },
              "id": "Q6993761",
              "labels": {
                "de": "Kategorie:Brasilianer"
              },
              "datavalue__string": null,
              "latitude": null,
              "longitude": null,
              "altitude": null,
              "globe": null,
              "time": null,
              "timezone": null,
              "before": null,
              "after": null,
              "calendarmodel": null
            }
          },
          "references": [
            {
              "P143": [
                {
                  "datavalue": {
                    "datavalue__string": null,
                    "id": "Q328",
                    "labels": {
                      "en": "English Wikipedia"
                    },
                    "time": null,
                    "timezone": null,
                    "before": null,
                    "after": null,
                    "precision": null,
                    "calendarmodel": null
                  }
                }
              ]
            }
          ],
          "qualifiers": null
        }
      ],
      "P3238": [
        {
          "mainsnak": null,
          "references": null,
          "qualifiers": null
        }
      ],
      "P5337": [
        {
          "mainsnak": {
            "datavalue": {
              "precision": {
                "precision__number": null,
                "precision__integer": null
              },
              "id": null,
              "labels": null,
              "datavalue__string": "CAAqJQgKIh9DQkFTRVFvSUwyMHZNREUxWm5JU0JYQjBMVUpTS0FBUAE",
              "latitude": null,
              "longitude": null,
              "altitude": null,
              "globe": null,
              "time": null,
              "timezone": null,
              "before": null,
              "after": null,
              "calendarmodel": null
            }
          },
          "references": null,
          "qualifiers": null
        }
      ],
      "P2959": [
        {
          "mainsnak": {
            "datavalue": {
              "precision": {
                "precision__number": null,
                "precision__integer": null
              },
              "id": "Q21286972",
              "labels": {
                "ru": "Бразилия"
              },
              "datavalue__string": null,
              "latitude": null,
              "longitude": null,
              "altitude": null,
              "globe": null,
              "time": null,
              "timezone": null,
              "before": null,
              "after": null,
              "calendarmodel": null
            }
          },
          "references": null,
          "qualifiers": null
        }
      ],
      "P1552": [
        {
          "mainsnak": {
            "datavalue": {
              "precision": {
                "precision__number": null,
                "precision__integer": null
              },
              "id": "Q3174312",
              "labels": {
                "pt": "país livre"
              },
              "datavalue__string": null,
              "latitude": null,
              "longitude": null,
              "altitude": null,
              "globe": null,
              "time": null,
              "timezone": null,
              "before": null,
              "after": null,
              "calendarmodel": null
            }
          },
          "references": [
            {
              "P854": [
                {
                  "datavalue": {
                    "datavalue__string": "https://freedomhouse.org/report/freedom-world/freedom-world-2017",
                    "id": null,
                    "labels": null,
                    "time": null,
                    "timezone": null,
                    "before": null,
                    "after": null,
                    "precision": null,
                    "calendarmodel": null
                  }
                }
              ],
              "P1065": [
                {
                  "datavalue": {
                    "datavalue__string": "https://web.archive.org/web/20170505040003/https://freedomhouse.org/report/freedom-world/freedom-world-2017",
                    "id": null,
                    "labels": null,
                    "time": null,
                    "timezone": null,
                    "before": null,
                    "after": null,
                    "precision": null,
                    "calendarmodel": null
                  }
                }
              ],
              "P2960": [
                {
                  "datavalue": {
                    "datavalue__string": null,
                    "id": null,
                    "labels": null,
                    "time": "+2017-05-05T00:00:00Z",
                    "timezone": 0,
                    "before": 0,
                    "after": 0,
                    "precision": 11,
                    "calendarmodel": "http://www.wikidata.org/entity/Q1985727"
                  }
                }
              ]
            }
          ],
          "qualifiers": {
            "P3680": [
              {
                "datavalue": {
                  "id": "Q1417780",
                  "labels": {
                    "en": "Freedom in the World"
                  }
                }
              }
            ]
          }
        }
      ],
      "P571": [
        {
          "mainsnak": {
            "datavalue": {
              "precision": {
                "precision__number": null,
                "precision__integer": 11
              },
              "id": null,
              "labels": null,
              "datavalue__string": null,
              "latitude": null,
              "longitude": null,
              "altitude": null,
              "globe": null,
              "time": "+1822-09-07T00:00:00Z",
              "timezone": 0,
              "before": 0,
              "after": 0,
              "calendarmodel": "http://www.wikidata.org/entity/Q1985727"
            }
          },
          "references": [
            {
              "P143": [
                {
                  "datavalue": {
                    "datavalue__string": null,
                    "id": "Q328",
                    "labels": {
                      "en": "English Wikipedia"
                    },
                    "time": null,
                    "timezone": null,
                    "before": null,
                    "after": null,
                    "precision": null,
                    "calendarmodel": null
                  }
                }
              ]
            }
          ],
          "qualifiers": {
            "P518": [
              {
                "datavalue": {
                  "id": "Q217230",
                  "labels": {
                    "zh-hans": "巴西帝国"
                  }
                }
              }
            ]
          }
        }
      ]
    }
  }
]
