---
source: genson-cli/tests/claims_fixtures.rs
expression: stdout_str
info:
  approved: false
  args:
    - "--map-threshold"
    - "0"
    - "--unify-maps"
    - "--wrap-root"
    - claims
    - "--normalise"
  fixture: tests/data/claims/x1818_L12_MINIMAL.json
---
[
  {
    "claims": {
      "P3365": [
        {
          "mainsnak": {
            "datavalue": "internet"
          },
          "qualifiers": {
            "P1810": [
              {
                "datavalue": "Internet"
              }
            ]
          },
          "references": [
            {
              "P143": [
                {
                  "datavalue": {
                    "id": "Q11920",
                    "labels": {
                      "fr": "Wikipédia en italien"
                    },
                    "datavalue__string": null
                  }
                }
              ],
              "P4656": [
                {
                  "datavalue": {
                    "id": null,
                    "labels": null,
                    "datavalue__string": "https://it.wikipedia.org/w/index.php?title=Internet&oldid=99520850"
                  }
                }
              ]
            }
          ]
        }
      ],
      "P1343": [
        {
          "mainsnak": {
            "datavalue": {
              "id": "Q4208106",
              "labels": {
                "ru": "Казахстан. Национальная энциклопедия"
              }
            }
          }
        },
        {
          "mainsnak": {
            "datavalue": {
              "id": "Q47470796",
              "labels": null
            }
          }
        },
        {
          "mainsnak": {
            "datavalue": {
              "id": "Q47484682",
              "labels": {
                "labels__string": "RFC 3271: The Internet is for Everyone"
              }
            }
          }
        }
      ],
      "P1014": [
        {
          "mainsnak": {
            "datavalue": "300265429"
          }
        }
      ],
      "P1150": [
        {
          "mainsnak": {
            "datavalue": "AP 18420",
            "P4390": null
          },
          "qualifiers": {
            "datavalue": null,
            "P4390": [
              {
                "datavalue": {
                  "id": "Q39893449",
                  "labels": {
                    "en": "exact match"
                  }
                }
              }
            ]
          }
        }
      ]
    }
  }
]
