---
source: genson-cli/tests/claims_fixtures.rs
expression: stdout_str
info:
  approved: false
  args:
    - "--map-threshold"
    - "0"
    - "--unify-maps"
    - "--wrap-root"
    - claims
  fixture: tests/data/claims/x1818_L5_MINIMAL.json
---
{
  "$schema": "http://json-schema.org/schema#",
  "properties": {
    "claims": {
      "properties": {
        "P244": {
          "type": "array",
          "items": {
            "type": "object",
            "additionalProperties": {
              "type": "object",
              "properties": {
                "datavalue": {
                  "type": [
                    "null",
                    "string"
                  ]
                },
                "P1810": {
                  "type": [
                    "null",
                    "array"
                  ],
                  "items": {
                    "type": "object",
                    "additionalProperties": {
                      "type": "string"
                    }
                  }
                }
              }
            }
          }
        },
        "P625": {
          "type": "array",
          "items": {
            "type": "object",
            "additionalProperties": {
              "type": "object",
              "additionalProperties": {
                "properties": {
                  "latitude": {
                    "type": "integer"
                  },
                  "longitude": {
                    "type": "integer"
                  },
                  "altitude": {
                    "type": "null"
                  },
                  "precision": {
                    "type": "integer"
                  },
                  "globe": {
                    "type": "string"
                  }
                },
                "required": [
                  "altitude",
                  "globe",
                  "latitude",
                  "longitude",
                  "precision"
                ],
                "type": "object"
              }
            }
          }
        },
        "P901": {
          "type": "array",
          "items": {
            "properties": {
              "mainsnak": {
                "type": "object",
                "additionalProperties": {
                  "type": "string"
                }
              },
              "references": {
                "type": "array",
                "items": {
                  "type": "object",
                  "additionalProperties": {
                    "type": "array",
                    "items": {
                      "type": "object",
                      "additionalProperties": {
                        "type": "object",
                        "properties": {
                          "id": {
                            "type": [
                              "null",
                              "string"
                            ]
                          },
                          "labels": {
                            "type": "object",
                            "additionalProperties": {
                              "type": "string"
                            }
                          },
                          "datavalue__string": {
                            "type": [
                              "null",
                              "string"
                            ]
                          }
                        }
                      }
                    }
                  }
                }
              }
            },
            "required": [
              "mainsnak",
              "references"
            ],
            "type": "object"
          }
        },
        "P5008": {
          "type": "array",
          "items": {
            "type": "object",
            "additionalProperties": {
              "type": "object",
              "properties": {
                "datavalue": {
                  "properties": {
                    "id": {
                      "type": "string"
                    },
                    "labels": {
                      "type": "object",
                      "additionalProperties": {
                        "type": "string"
                      }
                    }
                  },
                  "required": [
                    "id",
                    "labels"
                  ],
                  "type": [
                    "null",
                    "object"
                  ]
                },
                "P585": {
                  "type": [
                    "null",
                    "array"
                  ],
                  "items": {
                    "type": "object",
                    "additionalProperties": {
                      "properties": {
                        "time": {
                          "type": "string"
                        },
                        "timezone": {
                          "type": "integer"
                        },
                        "before": {
                          "type": "integer"
                        },
                        "after": {
                          "type": "integer"
                        },
                        "precision": {
                          "type": "integer"
                        },
                        "calendarmodel": {
                          "type": "string"
                        }
                      },
                      "required": [
                        "after",
                        "before",
                        "calendarmodel",
                        "precision",
                        "time",
                        "timezone"
                      ],
                      "type": "object"
                    }
                  }
                }
              }
            }
          }
        },
        "P1343": {
          "type": "array",
          "items": {
            "type": "object",
            "additionalProperties": {
              "type": "object",
              "properties": {
                "datavalue": {
                  "properties": {
                    "id": {
                      "type": "string"
                    },
                    "labels": {
                      "type": "object",
                      "additionalProperties": {
                        "type": "string"
                      }
                    }
                  },
                  "required": [
                    "id",
                    "labels"
                  ],
                  "type": [
                    "null",
                    "object"
                  ]
                },
                "P805": {
                  "type": [
                    "null",
                    "array"
                  ],
                  "items": {
                    "type": "object",
                    "additionalProperties": {
                      "type": "object",
                      "additionalProperties": {
                        "type": "string"
                      }
                    }
                  }
                }
              }
            }
          }
        },
        "P1332": {
          "type": "array",
          "items": {
            "type": "object",
            "additionalProperties": {
              "type": "object",
              "properties": {
                "datavalue": {
                  "properties": {
                    "latitude": {
                      "type": "number"
                    },
                    "longitude": {
                      "type": "number"
                    },
                    "altitude": {
                      "type": "null"
                    },
                    "precision": {
                      "type": "number"
                    },
                    "globe": {
                      "type": "string"
                    }
                  },
                  "required": [
                    "altitude",
                    "globe",
                    "latitude",
                    "longitude",
                    "precision"
                  ],
                  "type": [
                    "null",
                    "object"
                  ]
                },
                "P805": {
                  "type": [
                    "null",
                    "array"
                  ],
                  "items": {
                    "type": "object",
                    "additionalProperties": {
                      "properties": {
                        "id": {
                          "type": "string"
                        },
                        "labels": {
                          "type": "object",
                          "additionalProperties": {
                            "type": "string"
                          }
                        }
                      },
                      "required": [
                        "id",
                        "labels"
                      ],
                      "type": "object"
                    }
                  }
                }
              }
            }
          }
        }
      },
      "required": [
        "P1332",
        "P1343",
        "P244",
        "P5008",
        "P625",
        "P901"
      ],
      "type": "object"
    }
  },
  "required": [
    "claims"
  ],
  "type": "object"
}
