---
source: genson-cli/tests/claims_fixtures.rs
expression: stdout_str
info:
  approved: false
  args:
    - "--map-threshold"
    - "0"
    - "--unify-maps"
    - "--wrap-root"
    - claims
    - "--ndjson"
  fixture: tests/data/claims/chunk_0-00024-of-00546_x750_t30_REDUCED_REWRITTEN.jsonl
---
{
  "$schema": "http://json-schema.org/schema#",
  "properties": {
    "claims": {
      "type": "object",
      "additionalProperties": {
        "type": "array",
        "items": {
          "type": "object",
          "properties": {
            "mainsnak": {
              "type": "object",
              "properties": {
                "datavalue": {
                  "type": "object",
                  "properties": {
                    "id": {
                      "type": [
                        "null",
                        "string"
                      ]
                    },
                    "labels": {
                      "type": "object",
                      "additionalProperties": {
                        "type": "string"
                      }
                    },
                    "datavalue__string": {
                      "type": [
                        "null",
                        "string"
                      ]
                    }
                  }
                },
                "datatype": {
                  "type": "string"
                }
              },
              "required": [
                "datavalue",
                "datatype"
              ]
            },
            "references": {
              "type": [
                "null",
                "array"
              ],
              "items": {
                "type": "object",
                "additionalProperties": {
                  "type": "array",
                  "items": {
                    "type": "object",
                    "properties": {
                      "datavalue": {
                        "type": "object",
                        "properties": {
                          "id": {
                            "type": [
                              "null",
                              "string"
                            ]
                          },
                          "labels": {
                            "type": "object",
                            "additionalProperties": {
                              "type": "string"
                            }
                          },
                          "time": {
                            "type": [
                              "null",
                              "string"
                            ]
                          },
                          "precision": {
                            "type": [
                              "null",
                              "integer"
                            ]
                          }
                        }
                      },
                      "datatype": {
                        "type": "string"
                      }
                    },
                    "required": [
                      "datavalue",
                      "datatype"
                    ]
                  }
                }
              }
            }
          },
          "required": [
            "mainsnak"
          ]
        }
      }
    }
  },
  "required": [
    "claims"
  ],
  "type": "object"
}
