---
source: genson-cli/tests/claims_fixtures.rs
expression: stdout_str
info:
  approved: false
  args:
    - "--map-threshold"
    - "0"
    - "--unify-maps"
    - "--wrap-root"
    - claims
  fixture: tests/data/claims/x1818_L4_MINIMAL.json
---
{
  "$schema": "http://json-schema.org/schema#",
  "properties": {
    "claims": {
      "type": "object",
      "additionalProperties": {
        "type": "array",
        "items": {
          "type": "object",
          "properties": {
            "mainsnak": {
              "type": "object",
              "additionalProperties": {
                "type": "object",
                "properties": {
                  "id": {
                    "type": [
                      "null",
                      "string"
                    ]
                  },
                  "labels": {
                    "type": "object",
                    "additionalProperties": {
                      "type": [
                        "null",
                        "string"
                      ]
                    }
                  },
                  "datavalue__string": [
                    "null",
                    {
                      "type": [
                        "null",
                        "string"
                      ]
                    }
                  ]
                },
                "required": [
                  "id",
                  "labels"
                ]
              }
            },
            "qualifiers": {
              "type": "object",
              "additionalProperties": {
                "type": "array",
                "items": {
                  "type": "object",
                  "additionalProperties": {
                    "type": "object",
                    "properties": {
                      "precision": {
                        "type": "object",
                        "properties": {
                          "precision__integer": {
                            "type": "integer"
                          },
                          "precision__number": {
                            "type": [
                              "null",
                              "number"
                            ]
                          }
                        },
                        "required": [
                          "precision__integer"
                        ]
                      },
                      "time": {
                        "type": [
                          "null",
                          "string"
                        ]
                      },
                      "timezone": {
                        "type": [
                          "null",
                          "integer"
                        ]
                      },
                      "before": {
                        "type": [
                          "null",
                          "integer"
                        ]
                      },
                      "after": {
                        "type": [
                          "null",
                          "integer"
                        ]
                      },
                      "calendarmodel": {
                        "type": [
                          "null",
                          "string"
                        ]
                      },
                      "latitude": [
                        "null",
                        {
                          "type": [
                            "null",
                            "number"
                          ]
                        }
                      ],
                      "longitude": [
                        "null",
                        {
                          "type": [
                            "null",
                            "number"
                          ]
                        }
                      ],
                      "altitude": [
                        "null",
                        {
                          "type": [
                            "null",
                            "null"
                          ]
                        }
                      ],
                      "globe": [
                        "null",
                        {
                          "type": [
                            "null",
                            "string"
                          ]
                        }
                      ]
                    },
                    "required": [
                      "precision",
                      "time",
                      "timezone",
                      "before",
                      "after",
                      "calendarmodel"
                    ]
                  }
                }
              }
            },
            "references": {
              "type": [
                "null",
                "array"
              ],
              "items": {
                "type": "object",
                "additionalProperties": {
                  "type": "array",
                  "items": {
                    "type": "object",
                    "additionalProperties": {
                      "type": "object",
                      "properties": {
                        "id": {
                          "type": [
                            "null",
                            "string"
                          ]
                        },
                        "labels": {
                          "type": "object",
                          "additionalProperties": {
                            "type": [
                              "null",
                              "string"
                            ]
                          }
                        },
                        "datavalue__string": [
                          "null",
                          {
                            "type": [
                              "null",
                              "string"
                            ]
                          }
                        ],
                        "time": [
                          "null",
                          {
                            "type": [
                              "null",
                              "string"
                            ]
                          }
                        ],
                        "timezone": [
                          "null",
                          {
                            "type": [
                              "null",
                              "integer"
                            ]
                          }
                        ],
                        "before": [
                          "null",
                          {
                            "type": [
                              "null",
                              "integer"
                            ]
                          }
                        ],
                        "after": [
                          "null",
                          {
                            "type": [
                              "null",
                              "integer"
                            ]
                          }
                        ],
                        "precision": [
                          "null",
                          {
                            "type": [
                              "null",
                              "integer"
                            ]
                          }
                        ],
                        "calendarmodel": [
                          "null",
                          {
                            "type": [
                              "null",
                              "string"
                            ]
                          }
                        ],
                        "text": [
                          "null",
                          {
                            "type": [
                              "null",
                              "string"
                            ]
                          }
                        ],
                        "language": [
                          "null",
                          {
                            "type": [
                              "null",
                              "string"
                            ]
                          }
                        ]
                      },
                      "required": [
                        "id",
                        "labels"
                      ]
                    }
                  }
                }
              }
            }
          },
          "required": [
            "mainsnak"
          ]
        }
      }
    }
  },
  "required": [
    "claims"
  ],
  "type": "object"
}
