---
source: genson-cli/tests/claims_fixtures.rs
expression: stdout_str
info:
  approved: false
  args:
    - "--map-threshold"
    - "0"
    - "--unify-maps"
    - "--wrap-root"
    - claims
  fixture: tests/data/claims/x1818_L4_MINIMAL.json
---
{
  "$schema": "http://json-schema.org/schema#",
  "properties": {
    "claims": {
      "type": "object",
      "additionalProperties": {
        "type": "array",
        "items": {
          "type": "object",
          "properties": {
            "mainsnak": {
              "type": "object",
              "additionalProperties": {
                "type": "object",
                "properties": {
                  "id": {
                    "type": [
                      "null",
                      "string"
                    ]
                  },
                  "labels": {
                    "type": "object",
                    "additionalProperties": {
                      "type": [
                        "null",
                        "string"
                      ]
                    }
                  },
                  "datavalue__string": [
                    "null",
                    {
                      "type": [
                        "null",
                        "string"
                      ]
                    }
                  ]
                },
                "required": [
                  "id",
                  "labels"
                ]
              }
            },
            "qualifiers": {
              "type": [
                "null",
                "object"
              ],
              "properties": {
                "P625": {
                  "type": [
                    "null",
                    "array"
                  ],
                  "items": {
                    "type": "object",
                    "additionalProperties": {
                      "properties": {
                        "latitude": {
                          "type": "number"
                        },
                        "longitude": {
                          "type": "number"
                        },
                        "altitude": {
                          "type": "null"
                        },
                        "precision": {
                          "type": "number"
                        },
                        "globe": {
                          "type": "string"
                        }
                      },
                      "required": [
                        "altitude",
                        "globe",
                        "latitude",
                        "longitude",
                        "precision"
                      ],
                      "type": "object"
                    }
                  }
                },
                "P582": {
                  "type": [
                    "null",
                    "array"
                  ],
                  "items": {
                    "type": "object",
                    "additionalProperties": {
                      "properties": {
                        "time": {
                          "type": "string"
                        },
                        "timezone": {
                          "type": "integer"
                        },
                        "before": {
                          "type": "integer"
                        },
                        "after": {
                          "type": "integer"
                        },
                        "precision": {
                          "type": "integer"
                        },
                        "calendarmodel": {
                          "type": "string"
                        }
                      },
                      "required": [
                        "after",
                        "before",
                        "calendarmodel",
                        "precision",
                        "time",
                        "timezone"
                      ],
                      "type": "object"
                    }
                  }
                },
                "P580": {
                  "type": [
                    "null",
                    "array"
                  ],
                  "items": {
                    "type": "object",
                    "additionalProperties": {
                      "properties": {
                        "time": {
                          "type": "string"
                        },
                        "timezone": {
                          "type": "integer"
                        },
                        "before": {
                          "type": "integer"
                        },
                        "after": {
                          "type": "integer"
                        },
                        "precision": {
                          "type": "integer"
                        },
                        "calendarmodel": {
                          "type": "string"
                        }
                      },
                      "required": [
                        "after",
                        "before",
                        "calendarmodel",
                        "precision",
                        "time",
                        "timezone"
                      ],
                      "type": "object"
                    }
                  }
                }
              }
            },
            "references": {
              "type": [
                "null",
                "array"
              ],
              "items": {
                "type": "object",
                "additionalProperties": {
                  "type": "array",
                  "items": {
                    "type": "object",
                    "additionalProperties": {
                      "type": "object",
                      "properties": {
                        "id": {
                          "type": [
                            "null",
                            "string"
                          ]
                        },
                        "labels": {
                          "type": "object",
                          "additionalProperties": {
                            "type": [
                              "null",
                              "string"
                            ]
                          }
                        },
                        "datavalue__string": [
                          "null",
                          {
                            "type": [
                              "null",
                              "string"
                            ]
                          }
                        ],
                        "time": [
                          "null",
                          {
                            "type": [
                              "null",
                              "string"
                            ]
                          }
                        ],
                        "timezone": [
                          "null",
                          {
                            "type": [
                              "null",
                              "integer"
                            ]
                          }
                        ],
                        "before": [
                          "null",
                          {
                            "type": [
                              "null",
                              "integer"
                            ]
                          }
                        ],
                        "after": [
                          "null",
                          {
                            "type": [
                              "null",
                              "integer"
                            ]
                          }
                        ],
                        "precision": [
                          "null",
                          {
                            "type": [
                              "null",
                              "integer"
                            ]
                          }
                        ],
                        "calendarmodel": [
                          "null",
                          {
                            "type": [
                              "null",
                              "string"
                            ]
                          }
                        ],
                        "text": [
                          "null",
                          {
                            "type": [
                              "null",
                              "string"
                            ]
                          }
                        ],
                        "language": [
                          "null",
                          {
                            "type": [
                              "null",
                              "string"
                            ]
                          }
                        ]
                      },
                      "required": [
                        "id",
                        "labels"
                      ]
                    }
                  }
                }
              }
            }
          },
          "required": [
            "mainsnak"
          ]
        }
      }
    }
  },
  "required": [
    "claims"
  ],
  "type": "object"
}
