---
source: genson-cli/tests/claims_fixtures.rs
expression: stdout_str
info:
  approved: false
  args:
    - "--map-threshold"
    - "0"
    - "--unify-maps"
    - "--wrap-root"
    - claims
  fixture: tests/data/claims/x1818_L12_MINIMAL.json
---
{
  "$schema": "http://json-schema.org/schema#",
  "properties": {
    "claims": {
      "properties": {
        "P3365": {
          "type": "array",
          "items": {
            "properties": {
              "mainsnak": {
                "type": "object",
                "additionalProperties": {
                  "type": "string"
                }
              },
              "qualifiers": {
                "type": "object",
                "additionalProperties": {
                  "type": "array",
                  "items": {
                    "type": "object",
                    "additionalProperties": {
                      "type": "string"
                    }
                  }
                }
              },
              "references": {
                "type": "array",
                "items": {
                  "type": "object",
                  "additionalProperties": {
                    "type": "array",
                    "items": {
                      "type": "object",
                      "additionalProperties": {
                        "type": "object",
                        "properties": {
                          "id": {
                            "type": [
                              "null",
                              "string"
                            ]
                          },
                          "labels": {
                            "type": "object",
                            "additionalProperties": {
                              "type": "string"
                            }
                          },
                          "datavalue__string": {
                            "type": [
                              "null",
                              "string"
                            ]
                          }
                        }
                      }
                    }
                  }
                }
              }
            },
            "required": [
              "mainsnak",
              "qualifiers",
              "references"
            ],
            "type": "object"
          }
        },
        "P1343": {
          "type": "array",
          "items": {
            "type": "object",
            "additionalProperties": {
              "type": "object",
              "additionalProperties": {
                "properties": {
                  "id": {
                    "type": "string"
                  },
                  "labels": {
                    "type": "object",
                    "additionalProperties": {
                      "type": "string"
                    }
                  }
                },
                "required": [
                  "id",
                  "labels"
                ],
                "type": "object"
              }
            }
          }
        },
        "P1014": {
          "type": "array",
          "items": {
            "type": "object",
            "additionalProperties": {
              "type": "object",
              "additionalProperties": {
                "type": "string"
              }
            }
          }
        },
        "P1150": {
          "type": "array",
          "items": {
            "type": "object",
            "additionalProperties": {
              "type": "object",
              "properties": {
                "datavalue": {
                  "type": [
                    "null",
                    "string"
                  ]
                },
                "P4390": {
                  "type": [
                    "null",
                    "array"
                  ],
                  "items": {
                    "type": "object",
                    "additionalProperties": {
                      "properties": {
                        "id": {
                          "type": "string"
                        },
                        "labels": {
                          "type": "object",
                          "additionalProperties": {
                            "type": "string"
                          }
                        }
                      },
                      "required": [
                        "id",
                        "labels"
                      ],
                      "type": "object"
                    }
                  }
                }
              }
            }
          }
        }
      },
      "required": [
        "P1014",
        "P1150",
        "P1343",
        "P3365"
      ],
      "type": "object"
    }
  },
  "required": [
    "claims"
  ],
  "type": "object"
}
