---
source: genson-cli/tests/claims_fixtures.rs
expression: stdout_str
info:
  approved: false
  args:
    - "--ndjson"
    - "--map-threshold"
    - "0"
    - "--unify-maps"
    - "--wrap-root"
    - claims
    - "--avro"
  fixture: tests/data/claims/x1818_L4.jsonl
---
{
  "type": "record",
  "name": "document",
  "namespace": "genson",
  "fields": [
    {
      "name": "claims",
      "type": {
        "name": "claims",
        "type": "map",
        "values": {
          "type": "array",
          "items": {
            "type": "record",
            "name": "claims_values",
            "namespace": "genson.document_types",
            "fields": [
              {
                "name": "mainsnak",
                "type": {
                  "type": "record",
                  "name": "mainsnak",
                  "namespace": "genson.document_types.claims_values_types",
                  "fields": [
                    {
                      "name": "property",
                      "type": "string"
                    },
                    {
                      "name": "datavalue",
                      "type": {
                        "type": "record",
                        "name": "datavalue",
                        "namespace": "genson.document_types.claims_values_types.mainsnak_types",
                        "fields": [
                          {
                            "name": "datavalue__string",
                            "type": "string"
                          },
                          {
                            "name": "id",
                            "type": [
                              "null",
                              "string"
                            ]
                          },
                          {
                            "name": "labels",
                            "type": [
                              "null",
                              {
                                "name": "labels",
                                "type": "map",
                                "values": "string"
                              }
                            ]
                          },
                          {
                            "name": "text",
                            "type": [
                              "null",
                              "string"
                            ]
                          },
                          {
                            "name": "language",
                            "type": [
                              "null",
                              "string"
                            ]
                          },
                          {
                            "name": "time",
                            "type": [
                              "null",
                              "string"
                            ]
                          },
                          {
                            "name": "timezone",
                            "type": [
                              "null",
                              "int"
                            ]
                          },
                          {
                            "name": "before",
                            "type": [
                              "null",
                              "int"
                            ]
                          },
                          {
                            "name": "after",
                            "type": [
                              "null",
                              "int"
                            ]
                          },
                          {
                            "name": "precision",
                            "type": [
                              "null",
                              "int"
                            ]
                          },
                          {
                            "name": "calendarmodel",
                            "type": [
                              "null",
                              "string"
                            ]
                          },
                          {
                            "name": "amount",
                            "type": [
                              "null",
                              "string"
                            ]
                          },
                          {
                            "name": "unit",
                            "type": [
                              "null",
                              "string"
                            ]
                          },
                          {
                            "name": "unit-labels",
                            "type": [
                              "null",
                              {
                                "name": "unit-labels",
                                "type": "map",
                                "values": "string"
                              }
                            ]
                          }
                        ]
                      }
                    },
                    {
                      "name": "datatype",
                      "type": "string"
                    },
                    {
                      "name": "property-labels",
                      "type": {
                        "name": "property-labels",
                        "type": "map",
                        "values": "string"
                      }
                    }
                  ]
                }
              },
              {
                "name": "rank",
                "type": "string"
              },
              {
                "name": "qualifiers",
                "type": [
                  "null",
                  {
                    "type": "record",
                    "name": "qualifiers",
                    "namespace": "genson.document_types.claims_values_types",
                    "fields": [
                      {
                        "name": "P585",
                        "type": {
                          "type": "array",
                          "items": {
                            "type": "record",
                            "name": "P585",
                            "namespace": "genson.document_types.claims_values_types.qualifiers_types",
                            "fields": [
                              {
                                "name": "property",
                                "type": "string"
                              },
                              {
                                "name": "datavalue",
                                "type": {
                                  "type": "record",
                                  "name": "datavalue",
                                  "namespace": "genson.document_types.claims_values_types.qualifiers_types.P585_types",
                                  "fields": [
                                    {
                                      "name": "time",
                                      "type": "string"
                                    },
                                    {
                                      "name": "timezone",
                                      "type": "int"
                                    },
                                    {
                                      "name": "before",
                                      "type": "int"
                                    },
                                    {
                                      "name": "after",
                                      "type": "int"
                                    },
                                    {
                                      "name": "precision",
                                      "type": "int"
                                    },
                                    {
                                      "name": "calendarmodel",
                                      "type": "string"
                                    }
                                  ]
                                }
                              },
                              {
                                "name": "datatype",
                                "type": "string"
                              },
                              {
                                "name": "property-labels",
                                "type": {
                                  "name": "property-labels",
                                  "type": "map",
                                  "values": "string"
                                }
                              }
                            ]
                          }
                        }
                      },
                      {
                        "name": "P2096",
                        "type": {
                          "type": "array",
                          "items": {
                            "type": "record",
                            "name": "P2096",
                            "namespace": "genson.document_types.claims_values_types.qualifiers_types",
                            "fields": [
                              {
                                "name": "property",
                                "type": "string"
                              },
                              {
                                "name": "datavalue",
                                "type": {
                                  "name": "datavalue",
                                  "type": "map",
                                  "values": "string"
                                }
                              },
                              {
                                "name": "datatype",
                                "type": "string"
                              },
                              {
                                "name": "property-labels",
                                "type": {
                                  "name": "property-labels",
                                  "type": "map",
                                  "values": "string"
                                }
                              }
                            ]
                          }
                        }
                      },
                      {
                        "name": "P407",
                        "type": [
                          "null",
                          {
                            "type": "array",
                            "items": {
                              "type": "record",
                              "name": "P407",
                              "namespace": "genson.document_types.claims_values_types.qualifiers_types",
                              "fields": [
                                {
                                  "name": "property",
                                  "type": "string"
                                },
                                {
                                  "name": "datavalue",
                                  "type": {
                                    "type": "record",
                                    "name": "datavalue",
                                    "namespace": "genson.document_types.claims_values_types.qualifiers_types.P407_types",
                                    "fields": [
                                      {
                                        "name": "id",
                                        "type": "string"
                                      },
                                      {
                                        "name": "labels",
                                        "type": {
                                          "name": "labels",
                                          "type": "map",
                                          "values": "string"
                                        }
                                      }
                                    ]
                                  }
                                },
                                {
                                  "name": "datatype",
                                  "type": "string"
                                },
                                {
                                  "name": "property-labels",
                                  "type": {
                                    "name": "property-labels",
                                    "type": "map",
                                    "values": "string"
                                  }
                                }
                              ]
                            }
                          }
                        ]
                      },
                      {
                        "name": "P805",
                        "type": [
                          "null",
                          {
                            "type": "array",
                            "items": {
                              "type": "record",
                              "name": "P805",
                              "namespace": "genson.document_types.claims_values_types.qualifiers_types",
                              "fields": [
                                {
                                  "name": "property",
                                  "type": "string"
                                },
                                {
                                  "name": "datavalue",
                                  "type": {
                                    "type": "record",
                                    "name": "datavalue",
                                    "namespace": "genson.document_types.claims_values_types.qualifiers_types.P805_types",
                                    "fields": [
                                      {
                                        "name": "id",
                                        "type": "string"
                                      },
                                      {
                                        "name": "labels",
                                        "type": {
                                          "name": "labels",
                                          "type": "map",
                                          "values": "string"
                                        }
                                      }
                                    ]
                                  }
                                },
                                {
                                  "name": "datatype",
                                  "type": "string"
                                },
                                {
                                  "name": "property-labels",
                                  "type": {
                                    "name": "property-labels",
                                    "type": "map",
                                    "values": "string"
                                  }
                                }
                              ]
                            }
                          }
                        ]
                      },
                      {
                        "name": "P1810",
                        "type": [
                          "null",
                          {
                            "type": "array",
                            "items": {
                              "type": "record",
                              "name": "P1810",
                              "namespace": "genson.document_types.claims_values_types.qualifiers_types",
                              "fields": [
                                {
                                  "name": "property",
                                  "type": "string"
                                },
                                {
                                  "name": "datavalue",
                                  "type": "string"
                                },
                                {
                                  "name": "datatype",
                                  "type": "string"
                                },
                                {
                                  "name": "property-labels",
                                  "type": {
                                    "name": "property-labels",
                                    "type": "map",
                                    "values": "string"
                                  }
                                }
                              ]
                            }
                          }
                        ]
                      },
                      {
                        "name": "P1686",
                        "type": [
                          "null",
                          {
                            "type": "array",
                            "items": {
                              "type": "record",
                              "name": "P1686",
                              "namespace": "genson.document_types.claims_values_types.qualifiers_types",
                              "fields": [
                                {
                                  "name": "property",
                                  "type": "string"
                                },
                                {
                                  "name": "datavalue",
                                  "type": {
                                    "type": "record",
                                    "name": "datavalue",
                                    "namespace": "genson.document_types.claims_values_types.qualifiers_types.P1686_types",
                                    "fields": [
                                      {
                                        "name": "id",
                                        "type": "string"
                                      },
                                      {
                                        "name": "labels",
                                        "type": {
                                          "name": "labels",
                                          "type": "map",
                                          "values": "string"
                                        }
                                      }
                                    ]
                                  }
                                },
                                {
                                  "name": "datatype",
                                  "type": "string"
                                },
                                {
                                  "name": "property-labels",
                                  "type": {
                                    "name": "property-labels",
                                    "type": "map",
                                    "values": "string"
                                  }
                                }
                              ]
                            }
                          }
                        ]
                      },
                      {
                        "name": "P580",
                        "type": [
                          "null",
                          {
                            "type": "array",
                            "items": {
                              "type": "record",
                              "name": "P580",
                              "namespace": "genson.document_types.claims_values_types.qualifiers_types",
                              "fields": [
                                {
                                  "name": "property",
                                  "type": "string"
                                },
                                {
                                  "name": "datavalue",
                                  "type": {
                                    "type": "record",
                                    "name": "datavalue",
                                    "namespace": "genson.document_types.claims_values_types.qualifiers_types.P580_types",
                                    "fields": [
                                      {
                                        "name": "time",
                                        "type": "string"
                                      },
                                      {
                                        "name": "timezone",
                                        "type": "int"
                                      },
                                      {
                                        "name": "before",
                                        "type": "int"
                                      },
                                      {
                                        "name": "after",
                                        "type": "int"
                                      },
                                      {
                                        "name": "precision",
                                        "type": "int"
                                      },
                                      {
                                        "name": "calendarmodel",
                                        "type": "string"
                                      }
                                    ]
                                  }
                                },
                                {
                                  "name": "datatype",
                                  "type": "string"
                                },
                                {
                                  "name": "property-labels",
                                  "type": {
                                    "name": "property-labels",
                                    "type": "map",
                                    "values": "string"
                                  }
                                }
                              ]
                            }
                          }
                        ]
                      },
                      {
                        "name": "P582",
                        "type": [
                          "null",
                          {
                            "type": "array",
                            "items": {
                              "type": "record",
                              "name": "P582",
                              "namespace": "genson.document_types.claims_values_types.qualifiers_types",
                              "fields": [
                                {
                                  "name": "property",
                                  "type": "string"
                                },
                                {
                                  "name": "datavalue",
                                  "type": {
                                    "type": "record",
                                    "name": "datavalue",
                                    "namespace": "genson.document_types.claims_values_types.qualifiers_types.P582_types",
                                    "fields": [
                                      {
                                        "name": "time",
                                        "type": "string"
                                      },
                                      {
                                        "name": "timezone",
                                        "type": "int"
                                      },
                                      {
                                        "name": "before",
                                        "type": "int"
                                      },
                                      {
                                        "name": "after",
                                        "type": "int"
                                      },
                                      {
                                        "name": "precision",
                                        "type": "int"
                                      },
                                      {
                                        "name": "calendarmodel",
                                        "type": "string"
                                      }
                                    ]
                                  }
                                },
                                {
                                  "name": "datatype",
                                  "type": "string"
                                },
                                {
                                  "name": "property-labels",
                                  "type": {
                                    "name": "property-labels",
                                    "type": "map",
                                    "values": "string"
                                  }
                                }
                              ]
                            }
                          }
                        ]
                      },
                      {
                        "name": "P1534",
                        "type": [
                          "null",
                          {
                            "type": "array",
                            "items": {
                              "type": "record",
                              "name": "P1534",
                              "namespace": "genson.document_types.claims_values_types.qualifiers_types",
                              "fields": [
                                {
                                  "name": "property",
                                  "type": "string"
                                },
                                {
                                  "name": "datavalue",
                                  "type": {
                                    "type": "record",
                                    "name": "datavalue",
                                    "namespace": "genson.document_types.claims_values_types.qualifiers_types.P1534_types",
                                    "fields": [
                                      {
                                        "name": "id",
                                        "type": "string"
                                      },
                                      {
                                        "name": "labels",
                                        "type": {
                                          "name": "labels",
                                          "type": "map",
                                          "values": "string"
                                        }
                                      }
                                    ]
                                  }
                                },
                                {
                                  "name": "datatype",
                                  "type": "string"
                                },
                                {
                                  "name": "property-labels",
                                  "type": {
                                    "name": "property-labels",
                                    "type": "map",
                                    "values": "string"
                                  }
                                }
                              ]
                            }
                          }
                        ]
                      },
                      {
                        "name": "P3744",
                        "type": [
                          "null",
                          {
                            "type": "array",
                            "items": {
                              "type": "record",
                              "name": "P3744",
                              "namespace": "genson.document_types.claims_values_types.qualifiers_types",
                              "fields": [
                                {
                                  "name": "property",
                                  "type": "string"
                                },
                                {
                                  "name": "datavalue",
                                  "type": {
                                    "name": "datavalue",
                                    "type": "map",
                                    "values": "string"
                                  }
                                },
                                {
                                  "name": "datatype",
                                  "type": "string"
                                },
                                {
                                  "name": "property-labels",
                                  "type": {
                                    "name": "property-labels",
                                    "type": "map",
                                    "values": "string"
                                  }
                                }
                              ]
                            }
                          }
                        ]
                      },
                      {
                        "name": "P1545",
                        "type": [
                          "null",
                          {
                            "type": "array",
                            "items": {
                              "type": "record",
                              "name": "P1545",
                              "namespace": "genson.document_types.claims_values_types.qualifiers_types",
                              "fields": [
                                {
                                  "name": "property",
                                  "type": "string"
                                },
                                {
                                  "name": "datavalue",
                                  "type": "string"
                                },
                                {
                                  "name": "datatype",
                                  "type": "string"
                                },
                                {
                                  "name": "property-labels",
                                  "type": {
                                    "name": "property-labels",
                                    "type": "map",
                                    "values": "string"
                                  }
                                }
                              ]
                            }
                          }
                        ]
                      },
                      {
                        "name": "P3831",
                        "type": [
                          "null",
                          {
                            "type": "array",
                            "items": {
                              "type": "record",
                              "name": "P3831",
                              "namespace": "genson.document_types.claims_values_types.qualifiers_types",
                              "fields": [
                                {
                                  "name": "property",
                                  "type": "string"
                                },
                                {
                                  "name": "datavalue",
                                  "type": {
                                    "type": "record",
                                    "name": "datavalue",
                                    "namespace": "genson.document_types.claims_values_types.qualifiers_types.P3831_types",
                                    "fields": [
                                      {
                                        "name": "id",
                                        "type": "string"
                                      },
                                      {
                                        "name": "labels",
                                        "type": {
                                          "name": "labels",
                                          "type": "map",
                                          "values": "string"
                                        }
                                      }
                                    ]
                                  }
                                },
                                {
                                  "name": "datatype",
                                  "type": "string"
                                },
                                {
                                  "name": "property-labels",
                                  "type": {
                                    "name": "property-labels",
                                    "type": "map",
                                    "values": "string"
                                  }
                                }
                              ]
                            }
                          }
                        ]
                      },
                      {
                        "name": "P4970",
                        "type": [
                          "null",
                          {
                            "type": "array",
                            "items": {
                              "type": "record",
                              "name": "P4970",
                              "namespace": "genson.document_types.claims_values_types.qualifiers_types",
                              "fields": [
                                {
                                  "name": "property",
                                  "type": "string"
                                },
                                {
                                  "name": "datavalue",
                                  "type": "string"
                                },
                                {
                                  "name": "datatype",
                                  "type": "string"
                                },
                                {
                                  "name": "property-labels",
                                  "type": {
                                    "name": "property-labels",
                                    "type": "map",
                                    "values": "string"
                                  }
                                }
                              ]
                            }
                          }
                        ]
                      },
                      {
                        "name": "P4224",
                        "type": [
                          "null",
                          {
                            "type": "array",
                            "items": {
                              "type": "record",
                              "name": "P4224",
                              "namespace": "genson.document_types.claims_values_types.qualifiers_types",
                              "fields": [
                                {
                                  "name": "property",
                                  "type": "string"
                                },
                                {
                                  "name": "datavalue",
                                  "type": {
                                    "type": "record",
                                    "name": "datavalue",
                                    "namespace": "genson.document_types.claims_values_types.qualifiers_types.P4224_types",
                                    "fields": [
                                      {
                                        "name": "id",
                                        "type": "string"
                                      },
                                      {
                                        "name": "labels",
                                        "type": {
                                          "name": "labels",
                                          "type": "map",
                                          "values": "string"
                                        }
                                      }
                                    ]
                                  }
                                },
                                {
                                  "name": "datatype",
                                  "type": "string"
                                },
                                {
                                  "name": "property-labels",
                                  "type": {
                                    "name": "property-labels",
                                    "type": "map",
                                    "values": "string"
                                  }
                                }
                              ]
                            }
                          }
                        ]
                      },
                      {
                        "name": "P1039",
                        "type": [
                          "null",
                          {
                            "type": "array",
                            "items": {
                              "type": "record",
                              "name": "P1039",
                              "namespace": "genson.document_types.claims_values_types.qualifiers_types",
                              "fields": [
                                {
                                  "name": "property",
                                  "type": "string"
                                },
                                {
                                  "name": "datavalue",
                                  "type": {
                                    "type": "record",
                                    "name": "datavalue",
                                    "namespace": "genson.document_types.claims_values_types.qualifiers_types.P1039_types",
                                    "fields": [
                                      {
                                        "name": "id",
                                        "type": "string"
                                      },
                                      {
                                        "name": "labels",
                                        "type": {
                                          "name": "labels",
                                          "type": "map",
                                          "values": "string"
                                        }
                                      }
                                    ]
                                  }
                                },
                                {
                                  "name": "datatype",
                                  "type": "string"
                                },
                                {
                                  "name": "property-labels",
                                  "type": {
                                    "name": "property-labels",
                                    "type": "map",
                                    "values": "string"
                                  }
                                }
                              ]
                            }
                          }
                        ]
                      },
                      {
                        "name": "P625",
                        "type": [
                          "null",
                          {
                            "type": "array",
                            "items": {
                              "type": "record",
                              "name": "P625",
                              "namespace": "genson.document_types.claims_values_types.qualifiers_types",
                              "fields": [
                                {
                                  "name": "property",
                                  "type": "string"
                                },
                                {
                                  "name": "datavalue",
                                  "type": {
                                    "type": "record",
                                    "name": "datavalue",
                                    "namespace": "genson.document_types.claims_values_types.qualifiers_types.P625_types",
                                    "fields": [
                                      {
                                        "name": "latitude",
                                        "type": "float"
                                      },
                                      {
                                        "name": "longitude",
                                        "type": "float"
                                      },
                                      {
                                        "name": "altitude",
                                        "type": "null"
                                      },
                                      {
                                        "name": "precision",
                                        "type": "float"
                                      },
                                      {
                                        "name": "globe",
                                        "type": "string"
                                      }
                                    ],
                                    "dependencies": [
                                      "null"
                                    ]
                                  }
                                },
                                {
                                  "name": "datatype",
                                  "type": "string"
                                },
                                {
                                  "name": "property-labels",
                                  "type": {
                                    "name": "property-labels",
                                    "type": "map",
                                    "values": "string"
                                  }
                                }
                              ]
                            }
                          }
                        ]
                      },
                      {
                        "name": "P9675",
                        "type": [
                          "null",
                          {
                            "type": "array",
                            "items": {
                              "type": "record",
                              "name": "P9675",
                              "namespace": "genson.document_types.claims_values_types.qualifiers_types",
                              "fields": [
                                {
                                  "name": "property",
                                  "type": "string"
                                },
                                {
                                  "name": "datavalue",
                                  "type": "string"
                                },
                                {
                                  "name": "datatype",
                                  "type": "string"
                                },
                                {
                                  "name": "property-labels",
                                  "type": {
                                    "name": "property-labels",
                                    "type": "map",
                                    "values": "string"
                                  }
                                }
                              ]
                            }
                          }
                        ]
                      },
                      {
                        "name": "P2868",
                        "type": [
                          "null",
                          {
                            "type": "array",
                            "items": {
                              "type": "record",
                              "name": "P2868",
                              "namespace": "genson.document_types.claims_values_types.qualifiers_types",
                              "fields": [
                                {
                                  "name": "property",
                                  "type": "string"
                                },
                                {
                                  "name": "datavalue",
                                  "type": {
                                    "type": "record",
                                    "name": "datavalue",
                                    "namespace": "genson.document_types.claims_values_types.qualifiers_types.P2868_types",
                                    "fields": [
                                      {
                                        "name": "id",
                                        "type": "string"
                                      },
                                      {
                                        "name": "labels",
                                        "type": {
                                          "name": "labels",
                                          "type": "map",
                                          "values": "string"
                                        }
                                      }
                                    ]
                                  }
                                },
                                {
                                  "name": "datatype",
                                  "type": "string"
                                },
                                {
                                  "name": "property-labels",
                                  "type": {
                                    "name": "property-labels",
                                    "type": "map",
                                    "values": "string"
                                  }
                                }
                              ]
                            }
                          }
                        ]
                      },
                      {
                        "name": "P2699",
                        "type": [
                          "null",
                          {
                            "type": "array",
                            "items": {
                              "type": "record",
                              "name": "P2699",
                              "namespace": "genson.document_types.claims_values_types.qualifiers_types",
                              "fields": [
                                {
                                  "name": "property",
                                  "type": "string"
                                },
                                {
                                  "name": "datavalue",
                                  "type": "string"
                                },
                                {
                                  "name": "datatype",
                                  "type": "string"
                                },
                                {
                                  "name": "property-labels",
                                  "type": {
                                    "name": "property-labels",
                                    "type": "map",
                                    "values": "string"
                                  }
                                }
                              ]
                            }
                          }
                        ]
                      },
                      {
                        "name": "P812",
                        "type": [
                          "null",
                          {
                            "type": "array",
                            "items": {
                              "type": "record",
                              "name": "P812",
                              "namespace": "genson.document_types.claims_values_types.qualifiers_types",
                              "fields": [
                                {
                                  "name": "property",
                                  "type": "string"
                                },
                                {
                                  "name": "datavalue",
                                  "type": {
                                    "type": "record",
                                    "name": "datavalue",
                                    "namespace": "genson.document_types.claims_values_types.qualifiers_types.P812_types",
                                    "fields": [
                                      {
                                        "name": "id",
                                        "type": "string"
                                      },
                                      {
                                        "name": "labels",
                                        "type": {
                                          "name": "labels",
                                          "type": "map",
                                          "values": "string"
                                        }
                                      }
                                    ]
                                  }
                                },
                                {
                                  "name": "datatype",
                                  "type": "string"
                                },
                                {
                                  "name": "property-labels",
                                  "type": {
                                    "name": "property-labels",
                                    "type": "map",
                                    "values": "string"
                                  }
                                }
                              ]
                            }
                          }
                        ]
                      },
                      {
                        "name": "P512",
                        "type": [
                          "null",
                          {
                            "type": "array",
                            "items": {
                              "type": "record",
                              "name": "P512",
                              "namespace": "genson.document_types.claims_values_types.qualifiers_types",
                              "fields": [
                                {
                                  "name": "property",
                                  "type": "string"
                                },
                                {
                                  "name": "datavalue",
                                  "type": {
                                    "type": "record",
                                    "name": "datavalue",
                                    "namespace": "genson.document_types.claims_values_types.qualifiers_types.P512_types",
                                    "fields": [
                                      {
                                        "name": "id",
                                        "type": "string"
                                      },
                                      {
                                        "name": "labels",
                                        "type": {
                                          "name": "labels",
                                          "type": "map",
                                          "values": "string"
                                        }
                                      }
                                    ]
                                  }
                                },
                                {
                                  "name": "datatype",
                                  "type": "string"
                                },
                                {
                                  "name": "property-labels",
                                  "type": {
                                    "name": "property-labels",
                                    "type": "map",
                                    "values": "string"
                                  }
                                }
                              ]
                            }
                          }
                        ]
                      },
                      {
                        "name": "P973",
                        "type": [
                          "null",
                          {
                            "type": "array",
                            "items": {
                              "type": "record",
                              "name": "P973",
                              "namespace": "genson.document_types.claims_values_types.qualifiers_types",
                              "fields": [
                                {
                                  "name": "property",
                                  "type": "string"
                                },
                                {
                                  "name": "datavalue",
                                  "type": "string"
                                },
                                {
                                  "name": "datatype",
                                  "type": "string"
                                },
                                {
                                  "name": "property-labels",
                                  "type": {
                                    "name": "property-labels",
                                    "type": "map",
                                    "values": "string"
                                  }
                                }
                              ]
                            }
                          }
                        ]
                      },
                      {
                        "name": "P11578",
                        "type": [
                          "null",
                          {
                            "type": "array",
                            "items": {
                              "type": "record",
                              "name": "P11578",
                              "namespace": "genson.document_types.claims_values_types.qualifiers_types",
                              "fields": [
                                {
                                  "name": "property",
                                  "type": "string"
                                },
                                {
                                  "name": "datavalue",
                                  "type": "string"
                                },
                                {
                                  "name": "datatype",
                                  "type": "string"
                                },
                                {
                                  "name": "property-labels",
                                  "type": {
                                    "name": "property-labels",
                                    "type": "map",
                                    "values": "string"
                                  }
                                }
                              ]
                            }
                          }
                        ]
                      },
                      {
                        "name": "P2241",
                        "type": [
                          "null",
                          {
                            "type": "array",
                            "items": {
                              "type": "record",
                              "name": "P2241",
                              "namespace": "genson.document_types.claims_values_types.qualifiers_types",
                              "fields": [
                                {
                                  "name": "property",
                                  "type": "string"
                                },
                                {
                                  "name": "datavalue",
                                  "type": {
                                    "type": "record",
                                    "name": "datavalue",
                                    "namespace": "genson.document_types.claims_values_types.qualifiers_types.P2241_types",
                                    "fields": [
                                      {
                                        "name": "id",
                                        "type": "string"
                                      },
                                      {
                                        "name": "labels",
                                        "type": {
                                          "name": "labels",
                                          "type": "map",
                                          "values": "string"
                                        }
                                      }
                                    ]
                                  }
                                },
                                {
                                  "name": "datatype",
                                  "type": "string"
                                },
                                {
                                  "name": "property-labels",
                                  "type": {
                                    "name": "property-labels",
                                    "type": "map",
                                    "values": "string"
                                  }
                                }
                              ]
                            }
                          }
                        ]
                      }
                    ]
                  }
                ]
              },
              {
                "name": "references",
                "type": [
                  "null",
                  {
                    "type": "array",
                    "items": {
                      "name": "references",
                      "type": "map",
                      "values": {
                        "type": "array",
                        "items": {
                          "type": "record",
                          "name": "references_values",
                          "namespace": "genson.document_types.claims_values_types",
                          "fields": [
                            {
                              "name": "property",
                              "type": "string"
                            },
                            {
                              "name": "datavalue",
                              "type": {
                                "type": "record",
                                "name": "datavalue",
                                "namespace": "genson.document_types.claims_values_types.references_values_types",
                                "fields": [
                                  {
                                    "name": "datavalue__string",
                                    "type": "string"
                                  },
                                  {
                                    "name": "id",
                                    "type": [
                                      "null",
                                      "string"
                                    ]
                                  },
                                  {
                                    "name": "labels",
                                    "type": [
                                      "null",
                                      {
                                        "name": "labels",
                                        "type": "map",
                                        "values": "string"
                                      }
                                    ]
                                  },
                                  {
                                    "name": "time",
                                    "type": [
                                      "null",
                                      "string"
                                    ]
                                  },
                                  {
                                    "name": "timezone",
                                    "type": [
                                      "null",
                                      "int"
                                    ]
                                  },
                                  {
                                    "name": "before",
                                    "type": [
                                      "null",
                                      "int"
                                    ]
                                  },
                                  {
                                    "name": "after",
                                    "type": [
                                      "null",
                                      "int"
                                    ]
                                  },
                                  {
                                    "name": "precision",
                                    "type": [
                                      "null",
                                      "int"
                                    ]
                                  },
                                  {
                                    "name": "calendarmodel",
                                    "type": [
                                      "null",
                                      "string"
                                    ]
                                  },
                                  {
                                    "name": "text",
                                    "type": [
                                      "null",
                                      "string"
                                    ]
                                  },
                                  {
                                    "name": "language",
                                    "type": [
                                      "null",
                                      "string"
                                    ]
                                  }
                                ]
                              }
                            },
                            {
                              "name": "datatype",
                              "type": "string"
                            },
                            {
                              "name": "property-labels",
                              "type": {
                                "name": "property-labels",
                                "type": "map",
                                "values": "string"
                              }
                            }
                          ]
                        }
                      }
                    }
                  }
                ]
              }
            ]
          }
        }
      }
    }
  ]
}
