---
source: genson-cli/tests/claims_fixtures.rs
expression: stdout_str
info:
  approved: false
  args:
    - "--map-threshold"
    - "0"
    - "--unify-maps"
    - "--wrap-root"
    - claims
  fixture: tests/data/claims/x1818_L26_MINIMAL.json
---
{
  "$schema": "http://json-schema.org/schema#",
  "properties": {
    "claims": {
      "properties": {
        "P1333": {
          "type": "array",
          "items": {
            "type": "object",
            "additionalProperties": {
              "type": "object",
              "additionalProperties": {
                "properties": {
                  "latitude": {
                    "type": "number"
                  },
                  "longitude": {
                    "type": "number"
                  },
                  "altitude": {
                    "type": "null"
                  },
                  "precision": {
                    "type": "number"
                  },
                  "globe": {
                    "type": "string"
                  }
                },
                "required": [
                  "altitude",
                  "globe",
                  "latitude",
                  "longitude",
                  "precision"
                ],
                "type": "object"
              }
            }
          }
        },
        "P3221": {
          "type": "array",
          "items": {
            "type": "object",
            "additionalProperties": {
              "type": "object",
              "additionalProperties": {
                "type": "string"
              }
            }
          }
        },
        "P1792": {
          "type": "array",
          "items": {
            "properties": {
              "mainsnak": {
                "type": "object",
                "additionalProperties": {
                  "properties": {
                    "id": {
                      "type": "string"
                    },
                    "labels": {
                      "type": "object",
                      "additionalProperties": {
                        "type": "string"
                      }
                    }
                  },
                  "required": [
                    "id",
                    "labels"
                  ],
                  "type": "object"
                }
              },
              "references": {
                "type": "array",
                "items": {
                  "type": "object",
                  "additionalProperties": {
                    "type": "array",
                    "items": {
                      "type": "object",
                      "additionalProperties": {
                        "properties": {
                          "id": {
                            "type": "string"
                          },
                          "labels": {
                            "type": "object",
                            "additionalProperties": {
                              "type": "string"
                            }
                          }
                        },
                        "required": [
                          "id",
                          "labels"
                        ],
                        "type": "object"
                      }
                    }
                  }
                }
              }
            },
            "required": [
              "mainsnak",
              "references"
            ],
            "type": "object"
          }
        },
        "P3238": {
          "type": "array",
          "items": {
            "type": "object",
            "additionalProperties": {
              "type": "object"
            }
          }
        },
        "P5337": {
          "type": "array",
          "items": {
            "type": "object",
            "additionalProperties": {
              "type": "object",
              "additionalProperties": {
                "type": "string"
              }
            }
          }
        },
        "P2959": {
          "type": "array",
          "items": {
            "type": "object",
            "additionalProperties": {
              "type": "object",
              "additionalProperties": {
                "properties": {
                  "id": {
                    "type": "string"
                  },
                  "labels": {
                    "type": "object",
                    "additionalProperties": {
                      "type": "string"
                    }
                  }
                },
                "required": [
                  "id",
                  "labels"
                ],
                "type": "object"
              }
            }
          }
        },
        "P1552": {
          "type": "array",
          "items": {
            "properties": {
              "mainsnak": {
                "type": "object",
                "additionalProperties": {
                  "properties": {
                    "id": {
                      "type": "string"
                    },
                    "labels": {
                      "type": "object",
                      "additionalProperties": {
                        "type": "string"
                      }
                    }
                  },
                  "required": [
                    "id",
                    "labels"
                  ],
                  "type": "object"
                }
              },
              "qualifiers": {
                "type": "object",
                "additionalProperties": {
                  "type": "array",
                  "items": {
                    "type": "object",
                    "additionalProperties": {
                      "properties": {
                        "id": {
                          "type": "string"
                        },
                        "labels": {
                          "type": "object",
                          "additionalProperties": {
                            "type": "string"
                          }
                        }
                      },
                      "required": [
                        "id",
                        "labels"
                      ],
                      "type": "object"
                    }
                  }
                }
              },
              "references": {
                "type": "array",
                "items": {
                  "type": "object",
                  "additionalProperties": {
                    "type": "array",
                    "items": {
                      "type": "object",
                      "additionalProperties": {
                        "type": "object",
                        "properties": {
                          "time": {
                            "type": [
                              "null",
                              "string"
                            ]
                          },
                          "timezone": {
                            "type": [
                              "null",
                              "integer"
                            ]
                          },
                          "before": {
                            "type": [
                              "null",
                              "integer"
                            ]
                          },
                          "after": {
                            "type": [
                              "null",
                              "integer"
                            ]
                          },
                          "precision": {
                            "type": [
                              "null",
                              "integer"
                            ]
                          },
                          "calendarmodel": {
                            "type": [
                              "null",
                              "string"
                            ]
                          },
                          "datavalue__string": {
                            "type": [
                              "null",
                              "string"
                            ]
                          }
                        }
                      }
                    }
                  }
                }
              }
            },
            "required": [
              "mainsnak",
              "qualifiers",
              "references"
            ],
            "type": "object"
          }
        },
        "P571": {
          "type": "array",
          "items": {
            "properties": {
              "mainsnak": {
                "type": "object",
                "additionalProperties": {
                  "properties": {
                    "time": {
                      "type": "string"
                    },
                    "timezone": {
                      "type": "integer"
                    },
                    "before": {
                      "type": "integer"
                    },
                    "after": {
                      "type": "integer"
                    },
                    "precision": {
                      "type": "integer"
                    },
                    "calendarmodel": {
                      "type": "string"
                    }
                  },
                  "required": [
                    "after",
                    "before",
                    "calendarmodel",
                    "precision",
                    "time",
                    "timezone"
                  ],
                  "type": "object"
                }
              },
              "qualifiers": {
                "type": "object",
                "additionalProperties": {
                  "type": "array",
                  "items": {
                    "type": "object",
                    "additionalProperties": {
                      "properties": {
                        "id": {
                          "type": "string"
                        },
                        "labels": {
                          "type": "object",
                          "additionalProperties": {
                            "type": "string"
                          }
                        }
                      },
                      "required": [
                        "id",
                        "labels"
                      ],
                      "type": "object"
                    }
                  }
                }
              },
              "references": {
                "type": "array",
                "items": {
                  "type": "object",
                  "additionalProperties": {
                    "type": "array",
                    "items": {
                      "type": "object",
                      "additionalProperties": {
                        "properties": {
                          "id": {
                            "type": "string"
                          },
                          "labels": {
                            "type": "object",
                            "additionalProperties": {
                              "type": "string"
                            }
                          }
                        },
                        "required": [
                          "id",
                          "labels"
                        ],
                        "type": "object"
                      }
                    }
                  }
                }
              }
            },
            "required": [
              "mainsnak",
              "qualifiers",
              "references"
            ],
            "type": "object"
          }
        }
      },
      "required": [
        "P1333",
        "P1552",
        "P1792",
        "P2959",
        "P3221",
        "P3238",
        "P5337",
        "P571"
      ],
      "type": "object"
    }
  },
  "required": [
    "claims"
  ],
  "type": "object"
}
