---
source: genson-cli/tests/deep_nested_map_unification.rs
expression: stdout_str
info:
  approved: false
  args:
    - "--ndjson"
    - "--map-threshold"
    - "0"
    - "--unify-maps"
    - "--wrap-root"
    - places
  input:
    - home:
        - rooms:
            - kitchen:
                - temp:
                    celsius: 22
    - work:
        - rooms:
            - office:
                - desk:
                    type: standing
---
{
  "$schema": "http://json-schema.org/schema#",
  "properties": {
    "places": {
      "properties": {
        "home": {
          "type": "array",
          "items": {
            "type": "object",
            "additionalProperties": {
              "type": "array",
              "items": {
                "type": "object",
                "additionalProperties": {
                  "type": "array",
                  "items": {
                    "type": "object",
                    "additionalProperties": {
                      "type": "object",
                      "additionalProperties": {
                        "type": "integer"
                      }
                    }
                  }
                }
              }
            }
          }
        },
        "work": {
          "type": "array",
          "items": {
            "type": "object",
            "additionalProperties": {
              "type": "array",
              "items": {
                "type": "object",
                "additionalProperties": {
                  "type": "array",
                  "items": {
                    "type": "object",
                    "additionalProperties": {
                      "type": "object",
                      "additionalProperties": {
                        "type": "string"
                      }
                    }
                  }
                }
              }
            }
          }
        }
      },
      "type": "object"
    }
  },
  "required": [
    "places"
  ],
  "type": "object"
}
