---
source: genson-cli/tests/deep_nested_map_unification.rs
expression: stdout_str
info:
  approved: false
  args:
    - "--ndjson"
    - "--map-threshold"
    - "0"
    - "--unify-maps"
    - "--wrap-root"
    - places
  input:
    - Bedroom:
        - device:
            type: desktop
          wired_from:
            - Basement:
                - type:
                    location: north-wall
    - Lounge:
        - device:
            type: router
          wired_from:
            - Basement:
                - type:
                    location: south-wall
              Garage:
                - type:
                    connected: "2024-01-15T08:45:00Z"
    - Study:
        - device:
            type: printer
          wired_from:
            - Basement:
                - type:
                    location: west-wall
---
{
  "$schema": "http://json-schema.org/schema#",
  "properties": {
    "places": {
      "type": "object",
      "additionalProperties": {
        "type": "array",
        "items": {
          "type": "object",
          "properties": {
            "device": {
              "type": "object",
              "additionalProperties": {
                "type": "string"
              }
            },
            "wired_from": {
              "type": "array",
              "items": {
                "type": "object",
                "additionalProperties": {
                  "type": "array",
                  "items": {
                    "type": "object",
                    "additionalProperties": {
                      "type": "object",
                      "additionalProperties": {
                        "type": "string"
                      }
                    }
                  }
                }
              }
            }
          },
          "required": [
            "device",
            "wired_from"
          ]
        }
      }
    }
  },
  "required": [
    "places"
  ],
  "type": "object"
}
