---
source: genson-cli/tests/map_max_required_keys_snapshots.rs
expression: avro_schema
---
{
  "type": "record",
  "name": "document",
  "namespace": "genson",
  "fields": [
    {
      "name": "fully_optional",
      "type": [
        "null",
        {
          "name": "fully_optional",
          "type": "map",
          "values": "string"
        }
      ]
    },
    {
      "name": "has_required",
      "type": [
        "null",
        {
          "type": "record",
          "name": "has_required",
          "namespace": "genson.document_types",
          "fields": [
            {
              "name": "always",
              "type": "string"
            },
            {
              "name": "sometimes",
              "type": [
                "null",
                "string"
              ]
            },
            {
              "name": "other",
              "type": [
                "null",
                "string"
              ]
            }
          ]
        }
      ]
    }
  ]
}
