---
source: genson-cli/tests/map_max_required_keys_snapshots.rs
expression: value
info:
  approved: true
  args:
    - "--ndjson"
    - "--map-threshold"
    - "2"
    - "--map-max-rk"
    - "1"
  input:
    - at_rk_limit:
        req1: always
        optional2: sometimes
    - at_rk_limit:
        req1: always
    - over_rk_limit:
        req1: always
        req2: present
        optional3: sometimes
    - over_rk_limit:
        req1: always
        req2: present
---
{
  "$schema": "http://json-schema.org/schema#",
  "properties": {
    "at_rk_limit": {
      "type": "object",
      "additionalProperties": {
        "type": "string"
      }
    },
    "over_rk_limit": {
      "properties": {
        "req1": {
          "type": "string"
        },
        "req2": {
          "type": "string"
        },
        "optional3": {
          "type": "string"
        }
      },
      "required": [
        "req1",
        "req2"
      ],
      "type": "object"
    }
  },
  "type": "object"
}
