---
source: genson-cli/tests/map_of_unified_records.rs
expression: stdout_str
info:
  approved: false
  args:
    - "--ndjson"
    - "--map-threshold"
    - "2"
    - "--map-max-rk"
    - "1"
    - "--unify-maps"
    - "--avro"
  input:
    - letters:
        a:
          - index: 0
            value:
              vowel: true
    - letters:
        b:
          - index: 1
            value:
              cap: B
---
{
  "type": "record",
  "name": "document",
  "namespace": "genson",
  "fields": [
    {
      "name": "letters",
      "type": {
        "name": "letters",
        "type": "map",
        "values": {
          "type": "array",
          "items": {
            "type": "record",
            "name": "letters_values",
            "namespace": "genson.document_types",
            "fields": [
              {
                "name": "index",
                "type": "int"
              },
              {
                "name": "value",
                "type": {
                  "type": "record",
                  "name": "value",
                  "namespace": "genson.document_types.letters_values_types",
                  "fields": [
                    {
                      "name": "vowel",
                      "type": [
                        "null",
                        "boolean"
                      ]
                    },
                    {
                      "name": "cap",
                      "type": [
                        "null",
                        "string"
                      ]
                    }
                  ]
                }
              }
            ]
          }
        }
      }
    }
  ]
}
