---
source: genson-cli/tests/map_max_required_keys_snapshots.rs
expression: avro_schema
---
{
  "type": "record",
  "name": "document",
  "namespace": "genson",
  "fields": [
    {
      "name": "structured",
      "type": [
        "null",
        {
          "name": "structured",
          "type": "map",
          "values": "string"
        }
      ]
    },
    {
      "name": "below_threshold",
      "type": [
        "null",
        {
          "type": "record",
          "name": "below_threshold",
          "namespace": "genson.document_types",
          "fields": [
            {
              "name": "only",
              "type": "string"
            }
          ]
        }
      ]
    }
  ]
}
