---
source: genson-cli/tests/map_max_required_keys_snapshots.rs
expression: value
info:
  approved: true
  args:
    - "--ndjson"
    - "--map-threshold"
    - "3"
  input:
    - structured:
        req1: val1
        req2: val2
        req3: val3
    - structured:
        req1: val4
        req2: val5
        req3: val6
    - below_threshold:
        only: one
    - below_threshold:
        only: two
---
{
  "$schema": "http://json-schema.org/schema#",
  "properties": {
    "structured": {
      "type": "object",
      "additionalProperties": {
        "type": "string"
      }
    },
    "below_threshold": {
      "properties": {
        "only": {
          "type": "string"
        }
      },
      "required": [
        "only"
      ],
      "type": "object"
    }
  },
  "type": "object"
}
