---
source: genson-cli/tests/map_of_unified_records.rs
expression: stdout_str
info:
  approved: true
  args:
    - "--ndjson"
    - "--map-threshold"
    - "2"
    - "--map-max-rk"
    - "1"
    - "--unify-maps"
    - "--normalise"
  input:
    - letters:
        a:
          - index: 0
            vowel: 0
    - letters:
        b:
          - index: one
            consonant: 0
---
{"letters":{"a":[{"index":0,"vowel":0}],"b":null}}
{"letters":{"a":null,"b":[{"index":"one","consonant":0}]}}
