---
source: genson-cli/tests/map_of_unified_records.rs
expression: stdout_str
info:
  approved: false
  args:
    - "--ndjson"
    - "--map-threshold"
    - "2"
    - "--map-max-rk"
    - "0"
    - "--unify-maps"
  input:
    - letters:
        a:
          - index: 0
            vowel: 0
    - letters:
        b:
          - index: one
            consonant: 0
---
{
  "$schema": "http://json-schema.org/schema#",
  "properties": {
    "letters": {
      "type": "object",
      "additionalProperties": {
        "type": "array",
        "items": {
          "type": "object",
          "properties": {
            "index": {
              "type": "object",
              "properties": {
                "index__integer": {
                  "type": "integer"
                },
                "index__string": {
                  "type": "string"
                }
              }
            },
            "vowel": {
              "type": [
                "null",
                "integer"
              ]
            },
            "consonant": {
              "type": [
                "null",
                "integer"
              ]
            }
          },
          "required": [
            "index"
          ]
        }
      }
    }
  },
  "required": [
    "letters"
  ],
  "type": "object"
}
