---
source: genson-cli/tests/normalise.rs
expression: avro_str
---
{
  "type": "record",
  "name": "document",
  "namespace": "genson",
  "fields": [
    {
      "name": "labels",
      "type": {
        "name": "labels",
        "type": "map",
        "values": {
          "name": "labels_values",
          "type": "map",
          "values": "string"
        }
      }
    }
  ]
}
