---
source: genson-cli/tests/normalise.rs
expression: pretty_output
---
{
  "labels": [
    {
      "key": "en",
      "value": [
        {
          "key": "language",
          "value": "en"
        },
        {
          "key": "value",
          "value": "Jack Bauer"
        }
      ]
    },
    {
      "key": "fr",
      "value": [
        {
          "key": "language",
          "value": "fr"
        },
        {
          "key": "value",
          "value": "Jack Bauer"
        }
      ]
    }
  ]
}
{
  "labels": [
    {
      "key": "en",
      "value": [
        {
          "key": "language",
          "value": "en"
        },
        {
          "key": "value",
          "value": "happiness"
        }
      ]
    },
    {
      "key": "fr",
      "value": [
        {
          "key": "language",
          "value": "fr"
        },
        {
          "key": "value",
          "value": "bonheur"
        }
      ]
    },
    {
      "key": "rn",
      "value": [
        {
          "key": "language",
          "value": "rn"
        },
        {
          "key": "value",
          "value": "Umunezero"
        }
      ]
    }
  ]
}
