---
source: genson-cli/tests/normalise.rs
expression: avro_str
info:
  approved: true
  args:
    - "--avro"
    - "--ndjson"
    - "--map-encoding"
    - kv
    - "--map-threshold"
    - "3"
  input:
    - labels:
        en:
          language: en
          value: Jack Bauer
        fr:
          language: fr
          value: Jack Bauer
    - labels:
        en:
          language: en
          value: happiness
        fr:
          language: fr
          value: bonheur
        rn:
          language: rn
          value: Umunezero
---
{
  "type": "record",
  "name": "document",
  "namespace": "genson",
  "fields": [
    {
      "name": "labels",
      "type": {
        "name": "labels",
        "type": "map",
        "values": {
          "type": "record",
          "name": "labels_values",
          "namespace": "genson.document_types",
          "fields": [
            {
              "name": "language",
              "type": "string"
            },
            {
              "name": "value",
              "type": "string"
            }
          ]
        }
      }
    }
  ]
}
