---
source: genson-cli/tests/normalise.rs
expression: value
info:
  approved: false
  args:
    - "--normalise"
    - "--ndjson"
    - "--map-threshold"
    - "1"
  input:
    - id: A
      labels: foo
    - id: B
      labels:
        en: Hello
---
{"id":"A","labels":{"labels__string":"foo"}}
{"id":"B","labels":{"en":"Hello"}}
