---
source: genson-cli/tests/unify_anyof_scalar.rs
expression: stdout_str
info:
  approved: false
  args:
    - "--ndjson"
    - "--map-threshold"
    - "1"
    - "--unify-maps"
    - "--avro"
  input:
    - datavalue: string-value
    - datavalue:
        timezone: 0
        precision: 11
    - datavalue:
        id: X
        labels:
          en: thing
---
{
  "type": "record",
  "name": "document",
  "namespace": "genson",
  "fields": [
    {
      "name": "datavalue",
      "type": {
        "type": "record",
        "name": "datavalue",
        "namespace": "genson.document_types",
        "fields": [
          {
            "name": "timezone",
            "type": [
              "null",
              "int"
            ]
          },
          {
            "name": "precision",
            "type": [
              "null",
              "int"
            ]
          },
          {
            "name": "id",
            "type": [
              "null",
              "string"
            ]
          },
          {
            "name": "labels",
            "type": [
              "null",
              {
                "name": "labels",
                "type": "map",
                "values": "string"
              }
            ]
          },
          {
            "name": "datavalue__string",
            "type": [
              "null",
              "string"
            ]
          }
        ]
      }
    }
  ]
}
