---
source: genson-cli/tests/unify_map_threshold.rs
expression: stdout_str
info:
  approved: true
  args:
    - "--ndjson"
    - "--map-threshold"
    - "3"
    - "--map-max-rk"
    - "2"
    - "--unify-maps"
    - "--normalise"
  input:
    - from: 0
      to: 1
      letter:
        a:
          index: 0
          vowel: 0
        b:
          index: 1
          consonant: 0
    - from: 2
      to: 3
      letter:
        c:
          index: 2
          consonant: 1
        d:
          index: 3
          consonant: 2
---
{"from":0,"to":1,"letter":{"a":{"index":0,"vowel":0},"b":{"index":1,"consonant":0}}}
{"from":2,"to":3,"letter":{"c":{"index":2,"consonant":1},"d":{"index":3,"consonant":2}}}
